[0m10:51:37.638130 [debug] [MainThread]: Sending event: {'category': 'dbt', 'action': 'invocation', 'label': 'start', 'context': [<snowplow_tracker.self_describing_json.SelfDescribingJson object at 0x0000022F7C2323C0>, <snowplow_tracker.self_describing_json.SelfDescribingJson object at 0x0000022F77F2EAD0>, <snowplow_tracker.self_describing_json.SelfDescribingJson object at 0x0000022F7E357B10>]}


============================== 10:51:37.700710 | a86425cd-6f07-42ee-8e4e-f5168acf712a ==============================
[0m10:51:37.700710 [info ] [MainThread]: Running with dbt=1.11.11
[0m10:51:37.701882 [debug] [MainThread]: running dbt with arguments {'version_check': 'True', 'no_print': 'None', 'static_parser': 'True', 'warn_error_options': 'WarnErrorOptionsV2(error=[], warn=[], silence=[])', 'target_path': 'None', 'printer_width': '80', 'write_json': 'True', 'introspect': 'True', 'log_cache_events': 'False', 'empty': 'None', 'cache_selected_only': 'False', 'fail_fast': 'False', 'debug': 'False', 'log_format': 'default', 'profiles_dir': 'C:\\Users\\Lenovo ThinkBook 14\\.dbt', 'send_anonymous_usage_stats': 'True', 'quiet': 'False', 'warn_error': 'None', 'partial_parse': 'True', 'use_colors': 'True', 'indirect_selection': 'eager', 'invocation_command': 'dbt init housing_analysis', 'use_experimental_parser': 'False', 'log_path': 'logs'}
[0m10:51:37.755448 [info ] [MainThread]: Creating dbt configuration folder at C:\Users\Lenovo ThinkBook 14\.dbt
[0m10:51:37.759963 [debug] [MainThread]: Starter project path: D:\DevData\hu-housing-market-analysis\venv\Lib\site-packages\dbt\include\starter_project
[0m10:51:37.808284 [info ] [MainThread]: 
Your new dbt project "housing_analysis" was created!

For more information on how to configure the profiles.yml file,
please consult the dbt documentation here:

  https://docs.getdbt.com/docs/configure-your-profile

One more thing:

Need help? Don't hesitate to reach out to us via GitHub issues or on Slack:

  https://community.getdbt.com/

Happy modeling!

[0m10:51:37.809491 [info ] [MainThread]: Setting up your profile.
[0m10:52:37.635552 [info ] [MainThread]: Profile housing_analysis written to C:\Users\Lenovo ThinkBook 14\.dbt\profiles.yml using target's sample configuration. Once updated, you'll be able to start developing with dbt.
[0m10:52:37.638085 [debug] [MainThread]: Command `dbt init` succeeded at 10:52:37.637726 after 60.29 seconds
[0m10:52:37.638817 [debug] [MainThread]: Sending event: {'category': 'dbt', 'action': 'invocation', 'label': 'end', 'context': [<snowplow_tracker.self_describing_json.SelfDescribingJson object at 0x0000022F7E3476F0>, <snowplow_tracker.self_describing_json.SelfDescribingJson object at 0x0000022F7CD07BF0>, <snowplow_tracker.self_describing_json.SelfDescribingJson object at 0x0000022F7E46B130>]}
[0m10:52:37.639448 [debug] [MainThread]: Flushing usage events
[0m10:52:38.735132 [debug] [MainThread]: An error was encountered while trying to flush usage events
